// Jest Snapshot v1, https://goo.gl/fbAQLP

exports[`ImageCharts toBuffer works 1`] = `
Object {
  "data": Array [
    137,
    80,
    78,
    71,
    13,
    10,
    26,
    10,
    0,
    0,
    0,
    13,
    73,
    72,
    68,
    82,
    0,
    0,
    0,
    2,
    0,
    0,
    0,
    2,
    8,
    6,
    0,
    0,
    0,
    114,
    182,
    13,
    36,
    0,
    0,
    0,
    6,
    98,
    75,
    71,
    68,
    0,
    255,
    0,
    255,
    0,
    255,
    160,
    189,
    167,
    147,
    0,
    0,
    0,
    21,
    73,
    68,
    65,
    84,
    8,
    91,
    99,
    252,
    255,
    255,
    255,
    127,
    6,
    6,
    6,
    6,
    38,
    16,
    1,
    2,
    0,
    61,
    248,
    4,
    0,
    224,
    130,
    243,
    24,
    0,
    0,
    0,
    0,
    73,
    69,
    78,
    68,
    174,
    66,
    96,
    130,
  ],
  "type": "Buffer",
}
`;
