// Jest Snapshot v1, https://goo.gl/fbAQLP

exports[`ImageCharts toBuffer works 1`] = `
Object {
  "data": Array [
    137,
    80,
    78,
    71,
    13,
    10,
    26,
    10,
    0,
    0,
    0,
    13,
    73,
    72,
    68,
    82,
    0,
    0,
    0,
    2,
    0,
    0,
    0,
    2,
    1,
    0,
    0,
    0,
    0,
    90,
    205,
    48,
    137,
    0,
    0,
    0,
    12,
    73,
    68,
    65,
    84,
    120,
    218,
    99,
    56,
    192,
    112,
    0,
    0,
    3,
    4,
    1,
    129,
    42,
    229,
    110,
    90,
    0,
    0,
    0,
    0,
    73,
    69,
    78,
    68,
    174,
    66,
    96,
    130,
  ],
  "type": "Buffer",
}
`;
